// Jest Snapshot v1, https://goo.gl/fbAQLP

exports[`Is breadcrumbs rendered 1`] = `
<nav
  className="breadcrumbs"
>
  <ul
    className="breadcrumbs__list"
  >
    <li
      className="breadcrumbs__item"
    >
      <a
        className="breadcrumbs__link"
        href="/movie/1/overview"
        onClick={[Function]}
      >
        The Grand Budapest Hotel
      </a>
    </li>
    <li
      className="breadcrumbs__item"
    >
      <a
        className="breadcrumbs__link"
      >
        Add review
      </a>
    </li>
  </ul>
</nav>
`;
