// Jest Snapshot v1, https://goo.gl/fbAQLP

exports[`Is movie player progress rendered 1`] = `
<div
  className="player__controls-row"
>
  <div
    className="player__time"
  >
    <progress
      className="player__progress"
      max="100"
      value={10}
    />
    <div
      className="player__toggler"
      style={
        Object {
          "left": "10%",
        }
      }
    >
      Toggler
    </div>
  </div>
  <div
    className="player__time-value"
  >
    0:12:12
  </div>
</div>
`;
