// Jest Snapshot v1, https://goo.gl/fbAQLP

exports[`Is movie list rendered 1`] = `
<div
  className="catalog__movies-list"
>
  <article
    className="small-movie-card catalog__movies-card"
    onClick={[Function]}
    onMouseEnter={[Function]}
    onMouseLeave={[Function]}
  >
    <div
      className="small-movie-card__image"
    >
      <video
        height={175}
        muted={true}
        poster="img/fantastic-beasts-the-crimes-of-grindelwald.jpg"
        src="https://download.blender.org/durian/trailer/sintel_trailer-480p.mp4"
        width={280}
      />
    </div>
    <h3
      className="small-movie-card__title"
    >
      <a
        className="small-movie-card__link"
        href="/movie-0-overview"
      >
        Fantastic Beasts
      </a>
    </h3>
  </article>
  <article
    className="small-movie-card catalog__movies-card"
    onClick={[Function]}
    onMouseEnter={[Function]}
    onMouseLeave={[Function]}
  >
    <div
      className="small-movie-card__image"
    >
      <video
        height={175}
        muted={true}
        poster="img/bohemian-rhapsody.jpg"
        src="https://upload.wikimedia.org/wikipedia/commons/transcoded/b/b3/Big_Buck_Bunny_Trailer_400p.ogv/Big_Buck_Bunny_Trailer_400p.ogv.360p.webm"
        width={280}
      />
    </div>
    <h3
      className="small-movie-card__title"
    >
      <a
        className="small-movie-card__link"
        href="/movie-1-overview"
      >
        Bohemian Rhapsody
      </a>
    </h3>
  </article>
</div>
`;
