// Jest Snapshot v1, https://goo.gl/fbAQLP

exports[`Is reviews is rendered 1`] = `
<div
  className="movie-card__reviews movie-card__row"
>
  <Connect(Reviews) />
</div>
`;
