// Jest Snapshot v1, https://goo.gl/fbAQLP

exports[`Is movie promo rendered 1`] = `
<section
  className="movie-card"
>
  <div
    className="movie-card__bg"
  >
    <img
      alt="The Grand Budapest Hotel"
      src="img/the-grand-budapest-hotel-bg.jpg"
    />
  </div>
  <h1
    className="visually-hidden"
  >
    WTW
  </h1>
  <Header />
  <div
    className="movie-card__wrap"
  >
    <div
      className="movie-card__info"
    >
      <div
        className="movie-card__poster"
      >
        <img
          alt="The Grand Budapest Hotel"
          height="327"
          src="img/the-grand-budapest-hotel-poster.jpg"
          width="218"
        />
      </div>
      <div
        className="movie-card__desc"
      >
        <h2
          className="movie-card__title"
        >
          The Grand Budapest Hotel
        </h2>
        <p
          className="movie-card__meta"
        >
          <span
            className="movie-card__genre"
          >
            Comedy
          </span>
          <span
            className="movie-card__year"
          >
            2014
          </span>
        </p>
        <Connect(WithMovieControls)
          favorite={false}
          history={Object {}}
          movieId={0}
          onFavoriteClick={[Function]}
          parent="PROMO"
        />
      </div>
    </div>
  </div>
</section>
`;
