// Jest Snapshot v1, https://goo.gl/fbAQLP

exports[`Is movie tabs rendered 1`] = `
<nav
  className="movie-nav movie-card__nav"
>
  <ul
    className="movie-nav__list"
  >
    <li
      className="movie-nav__item"
    >
      <a
        className="movie-nav__link"
        href="/movie-0-overview"
        id="Overview"
        onClick={[Function]}
      >
        Overview
      </a>
    </li>
    <li
      className="movie-nav__item movie-nav__item--active"
    >
      <a
        className="movie-nav__link"
        href="/movie-0-details"
        id="Details"
        onClick={[Function]}
      >
        Details
      </a>
    </li>
    <li
      className="movie-nav__item"
    >
      <a
        className="movie-nav__link"
        href="/movie-0-reviews"
        id="Reviews"
        onClick={[Function]}
      >
        Reviews
      </a>
    </li>
  </ul>
</nav>
`;
