// Jest Snapshot v1, https://goo.gl/fbAQLP

exports[`Is login form rendered 1`] = `
<form
  action="#"
  className="sign-in__form"
>
  <div
    className="sign-in__fields"
  >
    <div
      className="sign-in__field"
    >
      <input
        className="sign-in__input"
        id="user-email"
        name="email"
        onChange={[MockFunction]}
        placeholder="Email address"
        type="email"
      />
      <label
        className="sign-in__label visually-hidden"
        htmlFor="user-email"
      >
        Email address
      </label>
    </div>
    <div
      className="sign-in__field"
    >
      <input
        className="sign-in__input"
        id="password"
        name="password"
        onChange={[MockFunction]}
        placeholder="Password"
        type="password"
      />
      <label
        className="sign-in__label visually-hidden"
        htmlFor="user-password"
      >
        Password
      </label>
    </div>
  </div>
  <div
    className="sign-in__submit"
  >
    <button
      className="sign-in__btn"
      onClick={[MockFunction]}
      type="button"
    >
      Sign in
    </button>
  </div>
</form>
`;
